/Users/aiwork/iOSStudy/backend/.venv/lib/python3.9/site-packages/pydantic/_internal/_config.py:383: UserWarning: Valid config keys have changed in V2:
* 'orm_mode' has been renamed to 'from_attributes'
  warnings.warn(message, UserWarning)
/Users/aiwork/iOSStudy/backend/.venv/lib/python3.9/site-packages/pydantic/_internal/_config.py:383: UserWarning: Valid config keys have changed in V2:
* 'orm_mode' has been renamed to 'from_attributes'
  warnings.warn(message, UserWarning)
INFO:     Started server process [79468]
INFO:     Waiting for application startup.
2025-11-26 00:15:15,408 - app.main - INFO - Starting eLearning Authoring App API v1.0.0
2025-11-26 00:15:15,408 - app.main - INFO - Environment: development
2025-11-26 00:15:15,408 - app.main - INFO - CORS Origins: ['http://localhost:3000', 'http://localhost:3001']
INFO:     Application startup complete.
INFO:     Uvicorn running on http://0.0.0.0:8000 (Press CTRL+C to quit)
2025-11-26 00:16:06,464 - app.services.scorm_export - INFO - Generating SCORM package for course: demo_course
2025-11-26 00:16:06,465 - app.services.scorm_export - INFO - ✓ Template validation passed for 6 templates
2025-11-26 00:16:06,467 - app.services.scorm_export - INFO - Creating SCORM manifest
2025-11-26 00:16:06,467 - app.services.scorm_export - INFO - ✓ SCORM manifest created successfully
2025-11-26 00:16:06,467 - app.services.scorm_export - INFO - Creating course data
2025-11-26 00:16:06,467 - app.services.scorm_export - INFO - MCQ sanitization: Processed 1 questions
2025-11-26 00:16:06,467 - app.services.scorm_export - INFO - ✓ Course data JavaScript created successfully
2025-11-26 00:16:06,467 - app.services.scorm_export - INFO - Creating content HTML
2025-11-26 00:16:06,467 - app.services.scorm_export - INFO - ✓ Template validation passed for 6 templates
2025-11-26 00:16:06,467 - app.services.scorm_export - INFO - ✓ Content HTML and styles created successfully
2025-11-26 00:16:06,467 - app.services.scorm_export - INFO - Creating SCORM wrapper
2025-11-26 00:16:06,468 - app.services.scorm_export - INFO - ✓ SCORM wrapper created successfully
2025-11-26 00:16:06,468 - app.services.scorm_export - INFO - Creating ZIP package
2025-11-26 00:16:06,469 - app.services.scorm_export - INFO - SCORM package generated successfully
Warning: BeautifulSoup not available. HTML sanitization will be limited.
INFO:     127.0.0.1:62559 - "POST /api/v1/export/scorm/1 HTTP/1.1" 200 OK
INFO:     Shutting down
INFO:     Waiting for application shutdown.
2025-11-26 00:16:38,874 - app.main - INFO - Shutting down eLearning Authoring App API
INFO:     Application shutdown complete.
INFO:     Finished server process [79468]
bash: line 1: 79468 Terminated: 15          uvicorn app.main:app --host 0.0.0.0 --port 8000
